exports["labyrinth/collection get returns empty collection when no query is returned"] = [
	{
		"@id": "http://example.com/movies",
		"@type": "http://example.com/Collection"
	},
	{
		"@id": "http://example.com/movies",
		"http://www.w3.org/ns/hydra/core#totalItems": {
			"@type": "http://www.w3.org/2001/XMLSchema#integer",
			"@value": "0"
		}
	}
];

